// Jest Snapshot v1, https://goo.gl/fbAQLP

exports[`Snapshot of Home component 1`] = `
<div
  className="MuiBox-root css-1tqsx7z"
  role="fsubHolder"
>
  <button
    className="MuiButton-root MuiButton-text MuiButton-textPrimary MuiButton-sizeMedium MuiButton-textSizeMedium MuiButtonBase-root  css-1ir790h-MuiButtonBase-root-MuiButton-root"
    disabled={false}
    onBlur={[Function]}
    onClick={[Function]}
    onContextMenu={[Function]}
    onDragLeave={[Function]}
    onFocus={[Function]}
    onKeyDown={[Function]}
    onKeyUp={[Function]}
    onMouseDown={[Function]}
    onMouseLeave={[Function]}
    onMouseUp={[Function]}
    onTouchEnd={[Function]}
    onTouchMove={[Function]}
    onTouchStart={[Function]}
    role="fsub"
    tabIndex={0}
    type="button"
  >
    Final Submit
  </button>
</div>
`;
