// Jest Snapshot v1, https://goo.gl/fbAQLP

exports[`Snapshot of NumberNav component 1`] = `
<button
  className="MuiButton-root MuiButton-text MuiButton-textPrimary MuiButton-sizeMedium MuiButton-textSizeMedium MuiButtonBase-root  css-3kyz66-MuiButtonBase-root-MuiButton-root"
  disabled={false}
  onBlur={[Function]}
  onClick={[Function]}
  onContextMenu={[Function]}
  onDragLeave={[Function]}
  onFocus={[Function]}
  onKeyDown={[Function]}
  onKeyUp={[Function]}
  onMouseDown={[Function]}
  onMouseLeave={[Function]}
  onMouseUp={[Function]}
  onTouchEnd={[Function]}
  onTouchMove={[Function]}
  onTouchStart={[Function]}
  role="number-nav"
  tabIndex={0}
  type="button"
>
  4
</button>
`;
